-3.00  2.12797  1.05712
-2.85  2.14519  1.06112
-2.70  2.15733  1.06386
-2.55  2.16669  1.06590
-2.40  2.17424  1.06749
-2.25  2.18049  1.06875
-2.10  2.18575  1.06978
-1.95  2.19021  1.07063
-1.80  2.19401  1.07132
-1.65  2.19727  1.07189
-1.50  2.20004  1.07237
-1.35  2.20241  1.07275
-1.20  2.20440  1.07307
-1.05  2.20607  1.07333
-0.90  2.20745  1.07353
-0.75  2.20856  1.07369
-0.60  2.20942  1.07381
-0.45  2.21007  1.07389
-0.30  2.21051  1.07395
-0.15  2.21076  1.07398
 0.00  2.21085  1.07399
 0.15  2.21077  1.07398
 0.30  2.21054  1.07396
 0.45  2.21018  1.07392
 0.60  2.20968  1.07387
 0.75  2.20907  1.07381
 0.90  2.20834  1.07374
 1.05  2.20751  1.07367
 1.20  2.20658  1.07359
 1.35  2.20556  1.07351
 1.50  2.20445  1.07342
 1.65  2.20326  1.07334
 1.80  2.20199  1.07325
 1.95  2.20065  1.07317
 2.10  2.19924  1.07308
 2.25  2.19776  1.07300
 2.40  2.19622  1.07292
 2.55  2.19462  1.07284
 2.70  2.19296  1.07276
 2.85  2.19125  1.07269
 3.00  2.18949  1.07262
