-3.00  2.22088  1.07511
-2.85  2.21918  1.07496
-2.70  2.21772  1.07483
-2.55  2.21647  1.07472
-2.40  2.21542  1.07461
-2.25  2.21453  1.07452
-2.10  2.21379  1.07444
-1.95  2.21317  1.07436
-1.80  2.21266  1.07430
-1.65  2.21225  1.07424
-1.50  2.21191  1.07419
-1.35  2.21164  1.07415
-1.20  2.21142  1.07411
-1.05  2.21125  1.07408
-0.90  2.21112  1.07406
-0.75  2.21102  1.07403
-0.60  2.21095  1.07402
-0.45  2.21090  1.07401
-0.30  2.21087  1.07400
-0.15  2.21085  1.07399
 0.00  2.21085  1.07399
 0.15  2.21085  1.07399
 0.30  2.21086  1.07400
 0.45  2.21088  1.07400
 0.60  2.21090  1.07401
 0.75  2.21093  1.07401
 0.90  2.21095  1.07402
 1.05  2.21098  1.07402
 1.20  2.21101  1.07403
 1.35  2.21103  1.07403
 1.50  2.21106  1.07402
 1.65  2.21108  1.07402
 1.80  2.21109  1.07401
 1.95  2.21111  1.07399
 2.10  2.21111  1.07397
 2.25  2.21112  1.07393
 2.40  2.21111  1.07390
 2.55  2.21109  1.07385
 2.70  2.21107  1.07379
 2.85  2.21103  1.07372
 3.00  2.21099  1.07364
