-3.00  2.21625  1.07484
-2.85  2.21505  1.07470
-2.70  2.21406  1.07459
-2.55  2.21326  1.07449
-2.40  2.21262  1.07441
-2.25  2.21212  1.07433
-2.10  2.21173  1.07427
-1.95  2.21143  1.07422
-1.80  2.21122  1.07417
-1.65  2.21106  1.07414
-1.50  2.21095  1.07410
-1.35  2.21088  1.07408
-1.20  2.21084  1.07406
-1.05  2.21081  1.07404
-0.90  2.21081  1.07402
-0.75  2.21081  1.07401
-0.60  2.21082  1.07401
-0.45  2.21083  1.07400
-0.30  2.21084  1.07400
-0.15  2.21084  1.07399
 0.00  2.21085  1.07399
 0.15  2.21084  1.07399
 0.30  2.21084  1.07399
 0.45  2.21082  1.07400
 0.60  2.21080  1.07400
 0.75  2.21077  1.07400
 0.90  2.21073  1.07400
 1.05  2.21069  1.07400
 1.20  2.21064  1.07400
 1.35  2.21059  1.07399
 1.50  2.21053  1.07398
 1.65  2.21046  1.07397
 1.80  2.21038  1.07396
 1.95  2.21030  1.07394
 2.10  2.21022  1.07392
 2.25  2.21013  1.07389
 2.40  2.21003  1.07386
 2.55  2.20992  1.07382
 2.70  2.20981  1.07377
 2.85  2.20969  1.07372
 3.00  2.20956  1.07366
