-3.00  2.21647  1.07438
-2.85  2.21527  1.07431
-2.70  2.21429  1.07425
-2.55  2.21348  1.07420
-2.40  2.21284  1.07416
-2.25  2.21233  1.07412
-2.10  2.21193  1.07409
-1.95  2.21161  1.07407
-1.80  2.21138  1.07405
-1.65  2.21120  1.07404
-1.50  2.21107  1.07403
-1.35  2.21098  1.07402
-1.20  2.21092  1.07401
-1.05  2.21088  1.07400
-0.90  2.21086  1.07400
-0.75  2.21085  1.07400
-0.60  2.21084  1.07400
-0.45  2.21084  1.07399
-0.30  2.21084  1.07399
-0.15  2.21085  1.07399
 0.00  2.21085  1.07399
 0.15  2.21085  1.07399
 0.30  2.21084  1.07399
 0.45  2.21084  1.07399
 0.60  2.21083  1.07399
 0.75  2.21082  1.07399
 0.90  2.21080  1.07398
 1.05  2.21078  1.07398
 1.20  2.21076  1.07397
 1.35  2.21074  1.07396
 1.50  2.21072  1.07394
 1.65  2.21069  1.07393
 1.80  2.21067  1.07390
 1.95  2.21064  1.07388
 2.10  2.21061  1.07385
 2.25  2.21058  1.07381
 2.40  2.21054  1.07377
 2.55  2.21050  1.07372
 2.70  2.21046  1.07366
 2.85  2.21042  1.07360
 3.00  2.21037  1.07352
