-3.00  2.19066  1.07262
-2.85  2.19260  1.07285
-2.70  2.19448  1.07305
-2.55  2.19630  1.07322
-2.40  2.19802  1.07337
-2.25  2.19964  1.07350
-2.10  2.20116  1.07361
-1.95  2.20256  1.07370
-1.80  2.20385  1.07377
-1.65  2.20502  1.07383
-1.50  2.20608  1.07388
-1.35  2.20703  1.07391
-1.20  2.20786  1.07394
-1.05  2.20859  1.07396
-0.90  2.20921  1.07398
-0.75  2.20972  1.07399
-0.60  2.21013  1.07399
-0.45  2.21045  1.07399
-0.30  2.21067  1.07399
-0.15  2.21080  1.07399
 0.00  2.21085  1.07399
 0.15  2.21081  1.07399
 0.30  2.21068  1.07400
 0.45  2.21048  1.07400
 0.60  2.21020  1.07401
 0.75  2.20984  1.07401
 0.90  2.20942  1.07403
 1.05  2.20892  1.07404
 1.20  2.20836  1.07406
 1.35  2.20773  1.07409
 1.50  2.20704  1.07412
 1.65  2.20628  1.07415
 1.80  2.20547  1.07419
 1.95  2.20459  1.07423
 2.10  2.20366  1.07428
 2.25  2.20268  1.07433
 2.40  2.20164  1.07439
 2.55  2.20054  1.07445
 2.70  2.19939  1.07452
 2.85  2.19819  1.07459
 3.00  2.19694  1.07467
