-3.00  2.19084  1.07751
-2.85  2.19277  1.07715
-2.70  2.19463  1.07681
-2.55  2.19643  1.07649
-2.40  2.19813  1.07619
-2.25  2.19973  1.07592
-2.10  2.20123  1.07566
-1.95  2.20262  1.07543
-1.80  2.20389  1.07521
-1.65  2.20506  1.07501
-1.50  2.20611  1.07483
-1.35  2.20704  1.07467
-1.20  2.20787  1.07452
-1.05  2.20859  1.07440
-0.90  2.20921  1.07429
-0.75  2.20972  1.07420
-0.60  2.21013  1.07412
-0.45  2.21045  1.07407
-0.30  2.21067  1.07403
-0.15  2.21080  1.07400
 0.00  2.21085  1.07399
 0.15  2.21080  1.07400
 0.30  2.21068  1.07402
 0.45  2.21047  1.07406
 0.60  2.21019  1.07412
 0.75  2.20983  1.07418
 0.90  2.20939  1.07427
 1.05  2.20889  1.07436
 1.20  2.20831  1.07447
 1.35  2.20767  1.07460
 1.50  2.20695  1.07473
 1.65  2.20618  1.07488
 1.80  2.20533  1.07504
 1.95  2.20443  1.07521
 2.10  2.20346  1.07539
 2.25  2.20243  1.07558
 2.40  2.20134  1.07579
 2.55  2.20019  1.07600
 2.70  2.19898  1.07622
 2.85  2.19771  1.07645
 3.00  2.19639  1.07669
