-3.00  2.21681  1.07454
-2.85  2.21547  1.07445
-2.70  2.21436  1.07438
-2.55  2.21347  1.07432
-2.40  2.21276  1.07427
-2.25  2.21220  1.07423
-2.10  2.21177  1.07419
-1.95  2.21144  1.07416
-1.80  2.21120  1.07413
-1.65  2.21103  1.07411
-1.50  2.21092  1.07409
-1.35  2.21085  1.07407
-1.20  2.21080  1.07405
-1.05  2.21079  1.07404
-0.90  2.21079  1.07402
-0.75  2.21079  1.07401
-0.60  2.21081  1.07401
-0.45  2.21082  1.07400
-0.30  2.21083  1.07400
-0.15  2.21084  1.07399
 0.00  2.21085  1.07399
 0.15  2.21084  1.07399
 0.30  2.21083  1.07400
 0.45  2.21081  1.07400
 0.60  2.21078  1.07400
 0.75  2.21075  1.07401
 0.90  2.21070  1.07401
 1.05  2.21065  1.07402
 1.20  2.21058  1.07402
 1.35  2.21051  1.07402
 1.50  2.21043  1.07402
 1.65  2.21035  1.07402
 1.80  2.21025  1.07402
 1.95  2.21015  1.07401
 2.10  2.21004  1.07401
 2.25  2.20993  1.07399
 2.40  2.20980  1.07397
 2.55  2.20967  1.07395
 2.70  2.20953  1.07392
 2.85  2.20939  1.07389
 3.00  2.20923  1.07385
