-3.00  2.19207  1.07612
-2.85  2.19379  1.07591
-2.70  2.19549  1.07571
-2.55  2.19714  1.07553
-2.40  2.19873  1.07535
-2.25  2.20023  1.07519
-2.10  2.20164  1.07504
-1.95  2.20296  1.07490
-1.80  2.20417  1.07476
-1.65  2.20528  1.07464
-1.50  2.20628  1.07453
-1.35  2.20718  1.07443
-1.20  2.20798  1.07434
-1.05  2.20867  1.07426
-0.90  2.20927  1.07419
-0.75  2.20976  1.07413
-0.60  2.21016  1.07408
-0.45  2.21046  1.07404
-0.30  2.21068  1.07402
-0.15  2.21081  1.07400
 0.00  2.21085  1.07399
 0.15  2.21081  1.07400
 0.30  2.21069  1.07402
 0.45  2.21049  1.07404
 0.60  2.21021  1.07408
 0.75  2.20987  1.07413
 0.90  2.20945  1.07419
 1.05  2.20897  1.07426
 1.20  2.20842  1.07434
 1.35  2.20781  1.07443
 1.50  2.20713  1.07453
 1.65  2.20639  1.07464
 1.80  2.20560  1.07476
 1.95  2.20474  1.07489
 2.10  2.20383  1.07503
 2.25  2.20286  1.07518
 2.40  2.20184  1.07533
 2.55  2.20076  1.07550
 2.70  2.19964  1.07567
 2.85  2.19845  1.07585
 3.00  2.19722  1.07604
