-3.00  2.22047  1.07713
-2.85  2.21883  1.07680
-2.70  2.21743  1.07648
-2.55  2.21623  1.07619
-2.40  2.21522  1.07592
-2.25  2.21436  1.07567
-2.10  2.21365  1.07544
-1.95  2.21306  1.07522
-1.80  2.21257  1.07503
-1.65  2.21217  1.07485
-1.50  2.21185  1.07469
-1.35  2.21159  1.07455
-1.20  2.21138  1.07443
-1.05  2.21122  1.07432
-0.90  2.21110  1.07423
-0.75  2.21101  1.07415
-0.60  2.21094  1.07409
-0.45  2.21089  1.07405
-0.30  2.21087  1.07402
-0.15  2.21085  1.07400
 0.00  2.21085  1.07399
 0.15  2.21085  1.07400
 0.30  2.21086  1.07401
 0.45  2.21087  1.07404
 0.60  2.21089  1.07407
 0.75  2.21091  1.07412
 0.90  2.21093  1.07417
 1.05  2.21094  1.07422
 1.20  2.21096  1.07428
 1.35  2.21097  1.07434
 1.50  2.21098  1.07440
 1.65  2.21098  1.07447
 1.80  2.21098  1.07453
 1.95  2.21097  1.07459
 2.10  2.21095  1.07465
 2.25  2.21092  1.07471
 2.40  2.21089  1.07476
 2.55  2.21084  1.07481
 2.70  2.21078  1.07485
 2.85  2.21071  1.07488
 3.00  2.21062  1.07490
