-3.00  2.19164  1.07293
-2.85  2.19352  1.07308
-2.70  2.19535  1.07321
-2.55  2.19709  1.07333
-2.40  2.19874  1.07344
-2.25  2.20028  1.07353
-2.10  2.20172  1.07362
-1.95  2.20305  1.07369
-1.80  2.20427  1.07375
-1.65  2.20538  1.07381
-1.50  2.20638  1.07385
-1.35  2.20727  1.07389
-1.20  2.20805  1.07392
-1.05  2.20873  1.07394
-0.90  2.20931  1.07396
-0.75  2.20979  1.07397
-0.60  2.21018  1.07398
-0.45  2.21048  1.07399
-0.30  2.21068  1.07399
-0.15  2.21081  1.07399
 0.00  2.21085  1.07399
 0.15  2.21081  1.07399
 0.30  2.21069  1.07399
 0.45  2.21050  1.07399
 0.60  2.21024  1.07399
 0.75  2.20991  1.07399
 0.90  2.20951  1.07399
 1.05  2.20905  1.07400
 1.20  2.20853  1.07400
 1.35  2.20794  1.07401
 1.50  2.20729  1.07402
 1.65  2.20659  1.07403
 1.80  2.20583  1.07404
 1.95  2.20501  1.07406
 2.10  2.20414  1.07407
 2.25  2.20321  1.07410
 2.40  2.20224  1.07412
 2.55  2.20121  1.07414
 2.70  2.20012  1.07417
 2.85  2.19899  1.07420
 3.00  2.19781  1.07424
