-3.00  2.21665  1.07262
-2.85  2.21532  1.07279
-2.70  2.21422  1.07294
-2.55  2.21334  1.07309
-2.40  2.21263  1.07323
-2.25  2.21208  1.07335
-2.10  2.21165  1.07346
-1.95  2.21133  1.07355
-1.80  2.21110  1.07364
-1.65  2.21093  1.07371
-1.50  2.21083  1.07377
-1.35  2.21076  1.07382
-1.20  2.21073  1.07386
-1.05  2.21073  1.07390
-0.90  2.21074  1.07393
-0.75  2.21076  1.07395
-0.60  2.21078  1.07397
-0.45  2.21081  1.07398
-0.30  2.21083  1.07399
-0.15  2.21084  1.07399
 0.00  2.21085  1.07399
 0.15  2.21084  1.07399
 0.30  2.21082  1.07399
 0.45  2.21079  1.07398
 0.60  2.21074  1.07397
 0.75  2.21068  1.07396
 0.90  2.21060  1.07395
 1.05  2.21050  1.07393
 1.20  2.21038  1.07392
 1.35  2.21025  1.07389
 1.50  2.21009  1.07387
 1.65  2.20992  1.07384
 1.80  2.20972  1.07381
 1.95  2.20951  1.07377
 2.10  2.20927  1.07373
 2.25  2.20901  1.07368
 2.40  2.20873  1.07362
 2.55  2.20842  1.07356
 2.70  2.20809  1.07349
 2.85  2.20773  1.07341
 3.00  2.20735  1.07332
