-3.00  2.21562  1.07081
-2.85  2.21410  1.07089
-2.70  2.21285  1.07098
-2.55  2.21186  1.07109
-2.40  2.21108  1.07121
-2.25  2.21048  1.07134
-2.10  2.21004  1.07148
-1.95  2.20973  1.07163
-1.80  2.20953  1.07178
-1.65  2.20942  1.07194
-1.50  2.20939  1.07211
-1.35  2.20941  1.07228
-1.20  2.20948  1.07246
-1.05  2.20959  1.07264
-0.90  2.20973  1.07283
-0.75  2.20989  1.07301
-0.60  2.21007  1.07321
-0.45  2.21026  1.07340
-0.30  2.21045  1.07360
-0.15  2.21065  1.07379
 0.00  2.21085  1.07399
 0.15  2.21105  1.07419
 0.30  2.21124  1.07439
 0.45  2.21144  1.07459
 0.60  2.21163  1.07479
 0.75  2.21182  1.07499
 0.90  2.21200  1.07519
 1.05  2.21218  1.07538
 1.20  2.21235  1.07557
 1.35  2.21251  1.07576
 1.50  2.21267  1.07594
 1.65  2.21282  1.07612
 1.80  2.21297  1.07629
 1.95  2.21310  1.07645
 2.10  2.21323  1.07661
 2.25  2.21336  1.07676
 2.40  2.21347  1.07690
 2.55  2.21357  1.07703
 2.70  2.21367  1.07715
 2.85  2.21375  1.07726
 3.00  2.21383  1.07735
