-3.00  2.20160  1.07335
-2.85  2.20205  1.07342
-2.70  2.20261  1.07348
-2.55  2.20325  1.07354
-2.40  2.20395  1.07360
-2.25  2.20467  1.07366
-2.10  2.20539  1.07371
-1.95  2.20609  1.07376
-1.80  2.20677  1.07380
-1.65  2.20742  1.07384
-1.50  2.20801  1.07387
-1.35  2.20856  1.07390
-1.20  2.20905  1.07393
-1.05  2.20948  1.07394
-0.90  2.20985  1.07396
-0.75  2.21016  1.07397
-0.60  2.21041  1.07398
-0.45  2.21061  1.07399
-0.30  2.21074  1.07399
-0.15  2.21082  1.07399
 0.00  2.21085  1.07399
 0.15  2.21082  1.07399
 0.30  2.21075  1.07399
 0.45  2.21063  1.07399
 0.60  2.21046  1.07399
 0.75  2.21025  1.07398
 0.90  2.21001  1.07398
 1.05  2.20972  1.07398
 1.20  2.20941  1.07397
 1.35  2.20906  1.07397
 1.50  2.20868  1.07396
 1.65  2.20828  1.07396
 1.80  2.20785  1.07395
 1.95  2.20740  1.07395
 2.10  2.20692  1.07394
 2.25  2.20643  1.07394
 2.40  2.20593  1.07393
 2.55  2.20541  1.07392
 2.70  2.20487  1.07391
 2.85  2.20432  1.07390
 3.00  2.20377  1.07389
