-3.00  2.21229  1.06624
-2.85  2.21071  1.06654
-2.70  2.20947  1.06687
-2.55  2.20853  1.06721
-2.40  2.20784  1.06757
-2.25  2.20738  1.06794
-2.10  2.20710  1.06832
-1.95  2.20697  1.06871
-1.80  2.20696  1.06910
-1.65  2.20706  1.06950
-1.50  2.20724  1.06991
-1.35  2.20749  1.07031
-1.20  2.20778  1.07072
-1.05  2.20811  1.07113
-0.90  2.20847  1.07155
-0.75  2.20885  1.07196
-0.60  2.20924  1.07237
-0.45  2.20964  1.07278
-0.30  2.21004  1.07319
-0.15  2.21045  1.07359
 0.00  2.21085  1.07399
 0.15  2.21124  1.07439
 0.30  2.21164  1.07478
 0.45  2.21202  1.07517
 0.60  2.21241  1.07556
 0.75  2.21278  1.07593
 0.90  2.21314  1.07630
 1.05  2.21350  1.07666
 1.20  2.21386  1.07702
 1.35  2.21420  1.07736
 1.50  2.21454  1.07770
 1.65  2.21487  1.07802
 1.80  2.21519  1.07834
 1.95  2.21551  1.07864
 2.10  2.21582  1.07893
 2.25  2.21612  1.07921
 2.40  2.21641  1.07948
 2.55  2.21670  1.07973
 2.70  2.21697  1.07997
 2.85  2.21724  1.08019
 3.00  2.21750  1.08040
